\BOOKMARK [0][-]{chapter.1}{\376\377\006\105\006\102\006\057\006\105\006\107\000\040\006\110\000\040\006\251\006\104\006\314\006\047\006\052\000\040\006\176\006\230\006\110\006\107\006\064}{}% 1
\BOOKMARK [1][-]{section.1.1}{\376\377\006\105\006\102\006\057\006\105\006\107\000\040\006\110\000\040\006\050\006\314\006\047\006\106\000\040\006\105\006\063\006\046\006\104\006\107}{chapter.1}% 2
\BOOKMARK [1][-]{section.1.2}{\376\377\006\047\006\107\006\105\006\314\006\052\000\040\006\110\000\040\006\066\006\061\006\110\006\061\006\052\000\040\006\105\006\110\006\066\006\110\006\071}{chapter.1}% 3
\BOOKMARK [1][-]{section.1.3}{\376\377\006\206\006\047\006\104\006\064\040\014\006\107\006\047\006\314\000\040\006\101\006\106\006\314\000\040\006\050\006\314\006\106\006\047\006\314\006\314\000\040\006\105\006\047\006\064\006\314\006\106\000\040\006\057\006\061\000\040\006\057\006\047\006\056\006\104\000\040\006\251\006\047\006\050\006\314\006\106\000\040\006\056\006\110\006\057\006\061\006\110}{chapter.1}% 4
\BOOKMARK [1][-]{section.1.4}{\376\377\006\047\006\107\006\057\006\047\006\101\000\040\006\176\006\230\006\110\006\107\006\064\000\040\006\110\000\040\006\061\006\110\006\064\040\014\006\064\006\106\006\047\006\063\006\314\000\040\006\176\006\314\006\064\006\106\006\107\006\047\006\057\006\314}{chapter.1}% 5
\BOOKMARK [0][-]{chapter.2}{\376\377\006\105\006\061\006\110\006\061\000\040\006\047\006\057\006\050\006\314\006\047\006\052\000\040\006\110\000\040\006\251\006\047\006\061\006\107\006\047\006\314\000\040\006\105\006\061\006\052\006\050\006\067}{}% 6
\BOOKMARK [1][-]{section.2.1}{\376\377\006\105\006\102\006\057\006\105\006\107}{chapter.2}% 7
\BOOKMARK [1][-]{section.2.2}{\376\377\006\061\006\110\006\064\040\014\006\107\006\047\006\314\000\040\006\063\006\106\006\052\006\314\000\040\006\176\006\061\006\057\006\047\006\062\006\064\000\040\006\052\006\065\006\110\006\314\006\061\000\040\006\110\000\040\006\314\006\047\006\057\006\257\006\314\006\061\006\314\000\040\006\105\006\047\006\064\006\314\006\106}{chapter.2}% 8
\BOOKMARK [2][-]{subsection.2.2.1}{\376\377\006\105\006\055\006\057\006\110\006\057\006\314\006\052\040\014\006\107\006\047\006\314\000\040\006\061\006\110\006\064\040\014\006\107\006\047\006\314\000\040\006\063\006\106\006\052\006\314}{section.2.2}% 9
\BOOKMARK [1][-]{section.2.3}{\376\377\006\063\006\102\006\110\006\067\000\040\006\061\006\110\006\064\040\014\006\107\006\047\006\314\000\040\006\063\006\106\006\052\006\314\000\040\006\110\000\040\006\070\006\107\006\110\006\061\000\040\006\314\006\047\006\057\006\257\006\314\006\061\006\314\000\040\006\071\006\105\006\314\006\102}{chapter.2}% 10
\BOOKMARK [1][-]{section.2.4}{\376\377\006\105\006\061\006\110\006\061\000\040\006\176\006\230\006\110\006\107\006\064\040\014\006\107\006\047\006\314\000\040\006\050\006\061\006\054\006\063\006\052\006\107\000\040\006\050\006\061\000\040\006\061\006\110\006\314\000\040\006\105\006\054\006\105\006\110\006\071\006\107\000\040\006\057\006\047\006\057\006\107\000\040\000S\000t\000a\000t\000e\000\040\000F\000a\000r\000m}{chapter.2}% 11
\BOOKMARK [2][-]{subsection.2.4.1}{\376\377\006\047\006\063\006\052\006\101\006\047\006\057\006\107\000\040\006\047\006\062\000\040\006\105\006\071\006\105\006\047\006\061\006\314\040\014\006\107\006\047\006\314\000\040\006\176\006\047\006\314\006\107\000\040\000C\000N\000N\000\040\006\110\000\040\006\314\006\047\006\057\006\257\006\314\006\061\006\314\000\040\006\047\006\106\006\052\006\102\006\047\006\104\006\314}{section.2.4}% 12
\BOOKMARK [2][-]{subsection.2.4.2}{\376\377\006\052\006\110\006\063\006\071\006\107\000\040\006\105\006\071\006\105\006\047\006\061\006\314\040\014\006\107\006\047\006\314\000\040\006\063\006\050\006\251\000\040\006\110\000\040\006\050\006\107\006\314\006\106\006\107\040\014\006\063\006\047\006\062\006\314\000\040\006\050\006\061\006\047\006\314\000\040\006\063\006\314\006\063\006\052\006\105\040\014\006\107\006\047\006\314\000\040\000E\000m\000b\000e\000d\000d\000e\000d}{section.2.4}% 13
\BOOKMARK [2][-]{subsection.2.4.3}{\376\377\006\061\006\110\006\314\006\251\006\061\006\057\006\107\006\047\006\314\000\040\006\052\006\104\006\101\006\314\006\102\006\314\000\040\006\110\000\040\006\052\006\061\006\106\006\063\006\101\006\110\006\061\006\105\006\061\006\107\006\047\006\314\000\040\006\050\006\314\006\106\006\047\006\314\006\314}{section.2.4}% 14
\BOOKMARK [1][-]{section.2.5}{\376\377\006\105\006\102\006\047\006\314\006\063\006\107\000\040\006\110\000\040\006\054\006\105\006\071\040\014\006\050\006\106\006\057\006\314\000\040\006\047\006\057\006\050\006\314\006\047\006\052\000\040\006\052\006\055\006\102\006\314\006\102}{chapter.2}% 15
\BOOKMARK [1][-]{section.2.6}{\376\377\006\106\006\052\006\314\006\054\006\107\040\014\006\257\006\314\006\061\006\314\000\040\006\110\000\040\006\054\006\047\006\314\006\257\006\047\006\107\000\040\006\176\006\230\006\110\006\107\006\064\000\040\006\055\006\047\006\066\006\061}{chapter.2}% 16
\BOOKMARK [0][-]{chapter.3}{\376\377\006\105\006\050\006\047\006\106\006\314\000\040\006\106\006\070\006\061\006\314\000\040\006\110\000\040\006\101\006\061\006\105\006\110\006\104\040\014\006\050\006\106\006\057\006\314\000\040\006\061\006\314\006\047\006\066\006\314}{}% 17
\BOOKMARK [1][-]{section.3.1}{\376\377\006\105\006\102\006\057\006\105\006\107}{chapter.3}% 18
\BOOKMARK [1][-]{section.3.2}{\376\377\006\105\006\050\006\047\006\106\006\314\000\040\006\064\006\050\006\251\006\107\040\014\006\107\006\047\006\314\000\040\006\071\006\065\006\050\006\314\000\040\006\176\006\314\006\206\006\064\006\314\000\040\000\050\000C\000N\000N\000\051}{chapter.3}% 19
\BOOKMARK [2][-]{subsection.3.2.1}{\376\377\006\071\006\105\006\104\006\257\006\061\000\040\006\251\006\047\006\106\006\110\006\104\006\110\006\064\006\106\000\040\006\057\006\110\006\050\006\071\006\057\006\314\000\040\000\050\0002\000D\000\137\000C\000o\000n\000v\000o\000l\000u\000t\000i\000o\000n\000\051}{section.3.2}% 20
\BOOKMARK [2][-]{subsection.3.2.2}{\376\377\006\104\006\047\006\314\006\107\040\014\006\107\006\047\006\314\000\040\006\251\006\047\006\107\006\064\000\040\006\050\006\071\006\057\000\040\000\050\000P\000o\000o\000l\000i\000n\000g\000\137\000L\000a\000y\000e\000r\000s\000\051}{section.3.2}% 21
\BOOKMARK [2][-]{subsection.3.2.3}{\376\377\006\052\006\110\006\047\006\050\006\071\000\040\006\101\006\071\006\047\006\104\040\014\006\063\006\047\006\062\006\314\000\040\000\050\000A\000c\000t\000i\000v\000a\000t\000i\000o\000n\000\137\000F\000u\000n\000c\000t\000i\000o\000n\000s\000\051}{section.3.2}% 22
\BOOKMARK [1][-]{section.3.3}{\376\377\006\105\006\071\006\105\006\047\006\061\006\314\000\040\000R\000e\000s\000N\000e\000t\0005\0000\000\040\006\110\000\040\006\047\006\052\006\065\006\047\006\104\006\047\006\052\000\040\006\050\006\047\006\102\006\314\006\105\006\047\006\106\006\057\006\107}{chapter.3}% 23
\BOOKMARK [2][-]{subsection.3.3.1}{\376\377\006\105\006\101\006\107\006\110\006\105\000\040\006\314\006\047\006\057\006\257\006\314\006\061\006\314\000\040\006\050\006\047\006\102\006\314\006\105\006\047\006\106\006\057\006\107\000\040\000\050\000R\000e\000s\000i\000d\000u\000a\000l\000\137\000L\000e\000a\000r\000n\000i\000n\000g\000\051}{section.3.3}% 24
\BOOKMARK [2][-]{subsection.3.3.2}{\376\377\006\050\006\104\006\047\006\251\000\040\006\257\006\104\006\110\006\257\006\047\006\107\000\040\000\050\000B\000o\000t\000t\000l\000e\000n\000e\000c\000k\000\040\000A\000r\000c\000h\000i\000t\000e\000c\000t\000u\000r\000e\000\051}{section.3.3}% 25
\BOOKMARK [1][-]{section.3.4}{\376\377\006\105\006\071\006\105\006\047\006\061\006\314\000\040\000M\000o\000b\000i\000l\000e\000N\000e\000t\000V\0002\000\040\006\110\000\040\006\050\006\107\006\314\006\106\006\107\040\014\006\063\006\047\006\062\006\314\000\040\006\105\006\055\006\047\006\063\006\050\006\047\006\052\006\314}{chapter.3}% 26
\BOOKMARK [2][-]{subsection.3.4.1}{\376\377\006\251\006\047\006\106\006\110\006\104\006\110\006\064\006\106\000\040\006\052\006\101\006\251\006\314\006\251\040\014\006\176\006\060\006\314\006\061\000\040\006\071\006\105\006\102\006\314\000\040\000\050\000D\000e\000p\000t\000h\000w\000i\000s\000e\000\137\000S\000e\000p\000a\000r\000a\000b\000l\000e\000\137\000C\000o\000n\000v\000o\000l\000u\000t\000i\000o\000n\000\051}{section.3.4}% 27
\BOOKMARK [2][-]{subsection.3.4.2}{\376\377\006\050\006\104\006\047\006\251\000\040\006\050\006\047\006\102\006\314\006\105\006\047\006\106\006\057\006\107\000\040\006\105\006\071\006\251\006\110\006\063\000\040\000\050\000I\000n\000v\000e\000r\000t\000e\000d\000\137\000R\000e\000s\000i\000d\000u\000a\000l\000\137\000B\000l\000o\000c\000k\000\051}{section.3.4}% 28
\BOOKMARK [1][-]{section.3.5}{\376\377\006\052\006\047\006\050\006\071\000\040\006\062\006\314\006\047\006\106\000\040\006\110\000\040\006\047\006\104\006\257\006\110\006\061\006\314\006\052\006\105\000\040\006\050\006\107\006\314\006\106\006\107\040\014\006\063\006\047\006\062\006\314}{chapter.3}% 29
\BOOKMARK [2][-]{subsection.3.5.1}{\376\377\006\052\006\047\006\050\006\071\000\040\006\062\006\314\006\047\006\106\000\040\006\047\006\106\006\052\006\061\006\110\006\176\006\314\000\040\006\105\006\052\006\102\006\047\006\067\006\071\000\040\000\050\000C\000a\000t\000e\000g\000o\000r\000i\000c\000a\000l\000\137\000C\000r\000o\000s\000s\000\137\000E\000n\000t\000r\000o\000p\000y\000\137\000L\000o\000s\000s\000\051}{section.3.5}% 30
\BOOKMARK [2][-]{subsection.3.5.2}{\376\377\006\050\006\107\006\314\006\106\006\107\040\014\006\063\006\047\006\062\000\040\000A\000d\000a\000m\000\137\000\050\000A\000d\000a\000p\000t\000i\000v\000e\000\137\000M\000o\000m\000e\000n\000t\000\137\000E\000s\000t\000i\000m\000a\000t\000i\000o\000n\000\051}{section.3.5}% 31
\BOOKMARK [1][-]{section.3.6}{\376\377\006\054\006\105\006\071\040\014\006\050\006\106\006\057\006\314\000\040\006\101\006\065\006\104}{chapter.3}% 32
\BOOKMARK [0][-]{chapter.4}{\376\377\006\052\006\055\006\104\006\314\006\104\000\040\006\105\006\054\006\105\006\110\006\071\006\107\000\040\006\057\006\047\006\057\006\107\000\040\006\110\000\040\006\176\006\314\006\064\040\014\006\176\006\061\006\057\006\047\006\062\006\064}{}% 33
\BOOKMARK [1][-]{section.4.1}{\376\377\006\105\006\102\006\057\006\105\006\107}{chapter.4}% 34
\BOOKMARK [1][-]{section.4.2}{\376\377\006\105\006\071\006\061\006\101\006\314\000\040\006\105\006\054\006\105\006\110\006\071\006\107\000\040\006\057\006\047\006\057\006\107\000\040\000S\000t\000a\000t\000e\000\040\000F\000a\000r\000m}{chapter.4}% 35
\BOOKMARK [1][-]{section.4.3}{\376\377\006\052\006\055\006\104\006\314\006\104\000\040\006\042\006\105\006\047\006\061\006\314\000\040\006\110\000\040\006\063\006\047\006\056\006\052\006\047\006\061\000\040\006\057\006\047\006\057\006\107\040\014\006\107\006\047}{chapter.4}% 36
\BOOKMARK [1][-]{section.4.4}{\376\377\006\052\006\251\006\106\006\314\006\251\040\014\006\107\006\047\006\314\000\040\006\047\006\101\006\062\006\047\006\314\006\064\000\040\006\057\006\047\006\057\006\107\000\040\000\050\000D\000a\000t\000a\000\137\000A\000u\000g\000m\000e\000n\000t\000a\000t\000i\000o\000n\000\051}{chapter.4}% 37
\BOOKMARK [2][-]{subsection.4.4.1}{\376\377\006\052\006\072\006\314\006\314\006\061\006\047\006\052\000\040\006\107\006\106\006\057\006\063\006\314\000\040\006\110\000\040\006\061\006\106\006\257\006\314}{section.4.4}% 38
\BOOKMARK [1][-]{section.4.5}{\376\377\006\052\006\072\006\314\006\314\006\061\000\040\006\047\006\050\006\071\006\047\006\057\000\040\006\110\000\040\006\106\006\061\006\105\006\047\006\104\040\014\006\063\006\047\006\062\006\314\000\040\006\052\006\065\006\047\006\110\006\314\006\061\000\040\006\110\006\061\006\110\006\057\006\314}{chapter.4}% 39
\BOOKMARK [2][-]{subsection.4.5.1}{\376\377\006\052\006\072\006\314\006\314\006\061\000\040\006\105\006\102\006\314\006\047\006\063\000\040\006\101\006\066\006\047\006\314\006\314\000\040\000\050\000R\000e\000s\000i\000z\000i\000n\000g\000\051}{section.4.5}% 40
\BOOKMARK [2][-]{subsection.4.5.2}{\376\377\006\176\006\314\006\064\040\014\006\176\006\061\006\057\006\047\006\062\006\064\000\040\006\110\000\040\006\106\006\061\006\105\006\047\006\104\040\014\006\063\006\047\006\062\006\314\000\040\006\047\006\056\006\052\006\065\006\047\006\065\006\314\000\040\006\105\006\057\006\104\040\014\006\107\006\047}{section.4.5}% 41
\BOOKMARK [1][-]{section.4.6}{\376\377\006\054\006\105\006\071\040\014\006\050\006\106\006\057\006\314\000\040\006\101\006\065\006\104}{chapter.4}% 42
\BOOKMARK [0][-]{chapter.5}{\376\377\006\105\006\071\006\105\006\047\006\061\006\314\000\040\006\176\006\314\006\064\006\106\006\107\006\047\006\057\006\314\000\040\006\110\000\040\006\061\006\110\006\064\040\014\006\064\006\106\006\047\006\063\006\314}{}% 43
\BOOKMARK [1][-]{section.5.1}{\376\377\006\105\006\102\006\057\006\105\006\107}{chapter.5}% 44
\BOOKMARK [1][-]{section.5.2}{\376\377\006\105\006\071\006\105\006\047\006\061\006\314\000\040\006\064\006\050\006\251\006\107\000\040\006\110\000\040\006\104\006\047\006\314\006\107\040\014\006\107\006\047\006\314\000\040\006\063\006\101\006\047\006\061\006\064\006\314\000\040\000\050\000C\000u\000s\000t\000o\000m\000\137\000C\000l\000a\000s\000s\000i\000f\000i\000c\000a\000t\000i\000o\000n\000\137\000H\000e\000a\000d\000\051}{chapter.5}% 45
\BOOKMARK [2][-]{subsection.5.2.1}{\376\377\006\063\006\047\006\056\006\052\006\047\006\061\000\040\006\104\006\047\006\314\006\107\040\014\006\107\006\047\006\314\000\040\006\063\006\101\006\047\006\061\006\064\006\314}{section.5.2}% 46
\BOOKMARK [2][-]{subsection.5.2.2}{\376\377\006\105\006\071\006\105\006\047\006\061\006\314\000\040\006\064\006\050\006\251\006\107\000\040\006\176\006\314\006\064\006\106\006\107\006\047\006\057\006\314\000\040\006\105\006\050\006\052\006\106\006\314\000\040\006\050\006\061\000\040\000M\000o\000b\000i\000l\000e\000N\000e\000t\000V\0002}{section.5.2}% 47
\BOOKMARK [2][-]{subsection.5.2.3}{\376\377\006\105\006\071\006\105\006\047\006\061\006\314\000\040\006\064\006\050\006\251\006\107\000\040\006\176\006\314\006\064\006\106\006\107\006\047\006\057\006\314\000\040\006\105\006\050\006\052\006\106\006\314\000\040\006\050\006\061\000\040\000R\000e\000s\000N\000e\000t\0005\0000}{section.5.2}% 48
\BOOKMARK [1][-]{section.5.3}{\376\377\006\047\006\063\006\052\006\061\006\047\006\052\006\230\006\314\000\040\006\042\006\105\006\110\006\062\006\064\000\040\006\057\006\110\000\040\006\101\006\047\006\062\006\314\000\040\000\050\000T\000w\000o\000-\000P\000h\000a\000s\000e\000\137\000T\000r\000a\000i\000n\000i\000n\000g\000\137\000S\000t\000r\000a\000t\000e\000g\000y\000\051}{chapter.5}% 49
\BOOKMARK [2][-]{subsection.5.3.1}{\376\377\006\101\006\047\006\062\000\040\006\047\006\110\006\104\000:\000\040\006\047\006\063\006\052\006\056\006\061\006\047\006\054\000\040\006\110\006\314\006\230\006\257\006\314\000\040\000\050\000F\000e\000a\000t\000u\000r\000e\000\137\000E\000x\000t\000r\000a\000c\000t\000i\000o\000n\000\051}{section.5.3}% 50
\BOOKMARK [2][-]{subsection.5.3.2}{\376\377\006\101\006\047\006\062\000\040\006\057\006\110\006\105\000:\000\040\006\052\006\106\006\070\006\314\006\105\000\040\006\057\006\102\006\314\006\102\000\040\000\050\000F\000i\000n\000e\000-\000T\000u\000n\000i\000n\000g\000\051}{section.5.3}% 51
\BOOKMARK [1][-]{section.5.4}{\376\377\006\107\006\047\006\314\006\176\006\061\006\176\006\047\006\061\006\047\006\105\006\052\006\061\006\107\006\047\000\040\006\110\000\040\006\105\006\251\006\047\006\106\006\314\006\062\006\105\040\014\006\107\006\047\006\314\000\040\006\251\006\106\006\052\006\061\006\104\006\314\000\040\006\042\006\105\006\110\006\062\006\064}{chapter.5}% 52
\BOOKMARK [2][-]{subsection.5.4.1}{\376\377\006\052\006\106\006\070\006\314\006\105\006\047\006\052\000\040\006\107\006\047\006\314\006\176\006\061\006\176\006\047\006\061\006\047\006\105\006\052\006\061\006\107\006\047}{section.5.4}% 53
\BOOKMARK [2][-]{subsection.5.4.2}{\376\377\006\251\006\047\006\104\040\014\006\050\006\251\040\014\006\107\006\047\000\040\006\110\000\040\006\105\006\251\006\047\006\106\006\314\006\062\006\105\040\014\006\107\006\047\006\314\000\040\006\251\006\106\006\052\006\061\006\104\006\314\000\040\000\050\000C\000a\000l\000l\000b\000a\000c\000k\000s\000\051}{section.5.4}% 54
\BOOKMARK [1][-]{section.5.5}{\376\377\006\054\006\105\006\071\040\014\006\050\006\106\006\057\006\314\000\040\006\101\006\065\006\104}{chapter.5}% 55
\BOOKMARK [0][-]{chapter.6}{\376\377\006\106\006\052\006\047\006\314\006\054\000\040\006\052\006\054\006\061\006\050\006\314\000\040\006\110\000\040\006\047\006\061\006\062\006\314\006\047\006\050\006\314\000\040\006\071\006\105\006\104\006\251\006\061\006\057}{}% 56
\BOOKMARK [1][-]{section.6.1}{\376\377\006\105\006\102\006\057\006\105\006\107}{chapter.6}% 57
\BOOKMARK [1][-]{section.6.2}{\376\377\006\106\006\052\006\047\006\314\006\054\000\040\006\047\006\061\006\062\006\314\006\047\006\050\006\314\000\040\006\105\006\057\006\104\000\040\000R\000e\000s\000N\000e\000t\0005\0000}{chapter.6}% 58
\BOOKMARK [2][-]{subsection.6.2.1}{\376\377\006\052\006\055\006\104\006\314\006\104\000\040\006\257\006\047\006\105\000\040\006\050\006\107\000\040\006\257\006\047\006\105\000\040\006\042\006\105\006\110\006\062\006\064\000\040\006\110\000\040\006\047\006\061\006\062\006\314\006\047\006\050\006\314\000\040\006\105\006\057\006\104\000\040\000R\000e\000s\000N\000e\000t\0005\0000}{section.6.2}% 59
\BOOKMARK [1][-]{section.6.3}{\376\377\006\106\006\052\006\047\006\314\006\054\000\040\006\047\006\061\006\062\006\314\006\047\006\050\006\314\000\040\006\105\006\057\006\104\000\040\000M\000o\000b\000i\000l\000e\000N\000e\000t\000V\0002}{chapter.6}% 60
\BOOKMARK [2][-]{subsection.6.3.1}{\376\377\006\106\006\052\006\047\006\314\006\054\000\040\006\047\006\061\006\062\006\314\006\047\006\050\006\314\000\040\006\105\006\057\006\104\000\040\000M\000o\000b\000i\000l\000e\000N\000e\000t\000V\0002}{section.6.3}% 61
\BOOKMARK [1][-]{section.6.4}{\376\377\006\105\006\047\006\052\006\061\006\314\006\063\000\040\006\057\006\061\006\107\006\105\040\014\006\061\006\314\006\056\006\052\006\257\006\314\000\040\006\110\000\040\006\052\006\055\006\104\006\314\006\104\000\040\006\056\006\067\006\047\006\107\006\047}{chapter.6}% 62
\BOOKMARK [2][-]{subsection.6.4.1}{\376\377\006\052\006\055\006\104\006\314\006\104\000\040\006\105\006\047\006\052\006\061\006\314\006\063\000\040\006\057\006\061\006\107\006\105\040\014\006\061\006\314\006\056\006\052\006\257\006\314\000\040\006\105\006\057\006\104\000\040\000M\000o\000b\000i\000l\000e\000N\000e\000t\000V\0002}{section.6.4}% 63
\BOOKMARK [2][-]{subsection.6.4.2}{\376\377\006\052\006\055\006\104\006\314\006\104\000\040\006\105\006\106\006\055\006\106\006\314\040\014\006\107\006\047\006\314\000\040\000R\000O\000C\000\040\006\110\000\040\006\064\006\047\006\056\006\065\000\040\000A\000U\000C\000\040\006\105\006\057\006\104\000\040\000M\000o\000b\000i\000l\000e\000N\000e\000t\000V\0002}{section.6.4}% 64
\BOOKMARK [2][-]{subsection.6.4.3}{\376\377\006\052\006\055\006\104\006\314\006\104\000\040\006\105\006\047\006\052\006\061\006\314\006\063\000\040\006\057\006\061\006\107\006\105\040\014\006\061\006\314\006\056\006\052\006\257\006\314\000\040\006\105\006\057\006\104\000\040\000R\000e\000s\000N\000e\000t\0005\0000}{section.6.4}% 65
\BOOKMARK [2][-]{subsection.6.4.4}{\376\377\006\052\006\055\006\104\006\314\006\104\000\040\006\105\006\106\006\055\006\106\006\314\040\014\006\107\006\047\006\314\000\040\000R\000O\000C\000\040\006\110\000\040\006\064\006\047\006\056\006\065\000\040\000A\000U\000C\000\040\006\105\006\057\006\104\000\040\000R\000e\000s\000N\000e\000t\0005\0000}{section.6.4}% 66
\BOOKMARK [1][-]{section.6.5}{\376\377\006\105\006\102\006\047\006\314\006\063\006\107\000\040\006\054\006\047\006\105\006\071\000\040\006\071\006\105\006\104\006\251\006\061\006\057\000\040\006\105\006\057\006\104\040\014\006\107\006\047}{chapter.6}% 67
\BOOKMARK [2][-]{subsection.6.5.1}{\376\377\006\105\006\102\006\047\006\314\006\063\006\107\000\040\006\251\006\314\006\101\006\314\000\040\006\176\006\314\006\064\040\014\006\050\006\314\006\106\006\314\040\014\006\107\006\047\006\314\000\040\000R\000e\000s\000N\000e\000t\0005\0000\000\040\006\110\000\040\000M\000o\000b\000i\000l\000e\000N\000e\000t\000V\0002\000\040\006\061\006\110\006\314\000\040\006\057\006\047\006\057\006\107\040\014\006\107\006\047\006\314\000\040\006\042\006\062\006\105\006\110\006\106}{section.6.5}% 68
\BOOKMARK [2][-]{subsection.6.5.2}{\376\377\006\105\006\102\006\047\006\314\006\063\006\107\000\040\006\061\006\110\006\106\006\057\000\040\006\107\006\105\006\257\006\061\006\047\006\314\006\314\000\040\006\110\000\040\006\105\006\106\006\055\006\106\006\314\040\014\006\107\006\047\006\314\000\040\006\057\006\102\006\052\000\040\000\050\000A\000c\000c\000u\000r\000a\000c\000y\000\137\000C\000u\000r\000v\000e\000s\000\051}{section.6.5}% 69
\BOOKMARK [1][-]{section.6.6}{\376\377\006\106\006\105\006\110\006\106\006\107\000\040\006\056\006\061\006\110\006\054\006\314\040\014\006\107\006\047\006\314\000\040\006\251\006\314\006\101\006\314\000\040\006\110\000\040\006\047\006\063\006\052\006\106\006\052\006\047\006\054\000\040\006\061\006\110\006\314\000\040\006\057\006\047\006\057\006\107\040\014\006\107\006\047\006\314\000\040\006\042\006\062\006\105\006\110\006\106}{chapter.6}% 70
\BOOKMARK [1][-]{section.6.7}{\376\377\006\054\006\105\006\071\040\014\006\050\006\106\006\057\006\314\000\040\006\101\006\065\006\104}{chapter.6}% 71
\BOOKMARK [0][-]{chapter.7}{\376\377\006\206\006\047\006\104\006\064\040\014\006\107\006\047\006\314\000\040\006\101\006\106\006\314\006\014\000\040\006\105\006\110\006\047\006\106\006\071\000\040\006\047\006\054\006\061\006\047\006\314\006\314\000\040\006\110\000\040\006\061\006\047\006\107\006\251\006\047\006\061\006\107\006\047\006\314\000\040\006\105\006\110\006\047\006\054\006\107\006\107}{}% 72
\BOOKMARK [1][-]{section.7.1}{\376\377\006\105\006\102\006\057\006\105\006\107}{chapter.7}% 73
\BOOKMARK [1][-]{section.7.2}{\376\377\006\206\006\047\006\104\006\064\000\040\006\047\006\110\006\104\000:\000\040\006\064\006\050\006\047\006\107\006\052\000\040\006\050\006\047\006\104\006\047\006\314\000\040\006\050\006\314\006\106\040\014\006\251\006\104\006\047\006\063\006\314\000\040\006\110\000\040\006\107\006\105\006\176\006\110\006\064\006\047\006\106\006\314\000\040\006\061\006\101\006\052\006\047\006\061\006\314\000\040\000\050\000H\000i\000g\000h\000\137\000I\000n\000t\000e\000r\000\137\000c\000l\000a\000s\000s\000\137\000S\000i\000m\000i\000l\000a\000r\000i\000t\000y\000\051}{chapter.7}% 74
\BOOKMARK [2][-]{subsection.7.2.1}{\376\377\006\052\006\055\006\104\006\314\006\104\000\040\006\047\006\050\006\071\006\047\006\057\000\040\006\206\006\047\006\104\006\064}{section.7.2}% 75
\BOOKMARK [2][-]{subsection.7.2.2}{\376\377\006\061\006\047\006\107\006\251\006\047\006\061\000\040\006\047\006\052\006\056\006\047\006\060\006\064\006\057\006\107}{section.7.2}% 76
\BOOKMARK [1][-]{section.7.3}{\376\377\006\206\006\047\006\104\006\064\000\040\006\057\006\110\006\105\000:\000\040\006\206\006\047\006\104\006\064\000\040\006\050\006\314\006\064\040\014\006\050\006\061\006\047\006\062\006\064\000\040\000\050\000O\000v\000e\000r\000f\000i\000t\000t\000i\000n\000g\000\051\000\040\006\110\000\040\006\071\006\057\006\105\000\040\006\052\006\071\006\047\006\057\006\104\000\040\006\057\006\047\006\057\006\107\040\014\006\107\006\047}{chapter.7}% 77
\BOOKMARK [2][-]{subsection.7.3.1}{\376\377\006\052\006\055\006\104\006\314\006\104\000\040\006\047\006\050\006\071\006\047\006\057\000\040\006\206\006\047\006\104\006\064}{section.7.3}% 78
\BOOKMARK [2][-]{subsection.7.3.2}{\376\377\006\061\006\047\006\107\006\251\006\047\006\061\000\040\006\047\006\052\006\056\006\047\006\060\006\064\006\057\006\107}{section.7.3}% 79
\BOOKMARK [1][-]{section.7.4}{\376\377\006\206\006\047\006\104\006\064\000\040\006\063\006\110\006\105\000:\000\040\006\101\006\061\006\047\006\061\000\040\006\257\006\061\006\047\006\057\006\314\006\047\006\106\000\040\006\110\000\040\006\052\006\056\006\061\006\314\006\050\000\040\006\110\006\062\006\106\040\014\006\107\006\047\000\040\006\057\006\061\000\040\006\101\006\047\006\062\000\040\000F\000i\000n\000e\000-\000T\000u\000n\000i\000n\000g}{chapter.7}% 80
\BOOKMARK [2][-]{subsection.7.4.1}{\376\377\006\052\006\055\006\104\006\314\006\104\000\040\006\047\006\050\006\071\006\047\006\057\000\040\006\206\006\047\006\104\006\064}{section.7.4}% 81
\BOOKMARK [2][-]{subsection.7.4.2}{\376\377\006\061\006\047\006\107\006\251\006\047\006\061\000\040\006\047\006\052\006\056\006\047\006\060\006\064\006\057\006\107}{section.7.4}% 82
\BOOKMARK [1][-]{section.7.5}{\376\377\006\206\006\047\006\104\006\064\000\040\006\206\006\107\006\047\006\061\006\105\000:\000\040\006\064\006\061\006\047\006\314\006\067\000\040\006\106\006\110\006\061\006\314\000\040\006\176\006\314\006\206\006\314\006\057\006\107\006\014\000\040\006\106\006\110\006\061\000\040\006\064\006\057\006\314\006\057\000\040\006\105\006\063\006\052\006\102\006\314\006\105\000\040\006\110\000\040\006\063\006\047\006\314\006\107\040\014\006\107\006\047\006\314\000\040\006\251\006\047\006\050\006\314\006\106}{chapter.7}% 83
\BOOKMARK [2][-]{subsection.7.5.1}{\376\377\006\052\006\055\006\104\006\314\006\104\000\040\006\047\006\050\006\071\006\047\006\057\000\040\006\206\006\047\006\104\006\064}{section.7.5}% 84
\BOOKMARK [2][-]{subsection.7.5.2}{\376\377\006\061\006\047\006\107\006\251\006\047\006\061\000\040\006\047\006\052\006\056\006\047\006\060\006\064\006\057\006\107}{section.7.5}% 85
\BOOKMARK [1][-]{section.7.6}{\376\377\006\054\006\105\006\071\040\014\006\050\006\106\006\057\006\314\000\040\006\101\006\065\006\104}{chapter.7}% 86
\BOOKMARK [0][-]{chapter.8}{\376\377\006\106\006\052\006\314\006\054\006\107\040\014\006\257\006\314\006\061\006\314\006\014\000\040\006\057\006\063\006\052\006\047\006\110\006\061\006\057\006\107\006\047\000\040\006\110\000\040\006\176\006\314\006\064\006\106\006\107\006\047\006\057\006\047\006\052\000\040\006\050\006\061\006\047\006\314\000\040\006\176\006\230\006\110\006\107\006\064\040\014\006\107\006\047\006\314\000\040\006\042\006\052\006\314}{}% 87
\BOOKMARK [1][-]{section.8.1}{\376\377\006\105\006\102\006\057\006\105\006\107}{chapter.8}% 88
\BOOKMARK [1][-]{section.8.2}{\376\377\006\056\006\104\006\047\006\065\006\107\000\040\006\176\006\230\006\110\006\107\006\064\000\040\006\110\000\040\006\057\006\063\006\052\006\047\006\110\006\061\006\057\006\107\006\047\006\314\000\040\006\251\006\104\006\314\006\057\006\314}{chapter.8}% 89
\BOOKMARK [2][-]{subsection.8.2.1}{\376\377\006\056\006\104\006\047\006\065\006\107\000\040\006\106\006\052\006\047\006\314\006\054\000\040\006\251\006\105\006\121\006\314}{section.8.2}% 90
\BOOKMARK [1][-]{section.8.3}{\376\377\006\050\006\055\006\053\000\040\006\110\000\040\006\105\006\110\006\047\006\062\006\106\006\107\000\040\006\057\006\102\006\052\000\040\006\110\000\040\006\251\006\047\006\061\006\047\006\314\006\314\000\040\006\105\006\055\006\047\006\063\006\050\006\047\006\052\006\314\000\040\000\050\000T\000r\000a\000d\000e\000\137\000o\000f\000f\000\137\000A\000n\000a\000l\000y\000s\000i\000s\000\051}{chapter.8}% 91
\BOOKMARK [1][-]{section.8.4}{\376\377\006\176\006\314\006\064\006\106\006\107\006\047\006\057\006\047\006\052\000\040\006\050\006\061\006\047\006\314\000\040\006\176\006\230\006\110\006\107\006\064\040\014\006\107\006\047\006\314\000\040\006\042\006\052\006\314}{chapter.8}% 92
\BOOKMARK [1][-]{section.8.5}{\376\377\006\063\006\056\006\106\000\040\006\176\006\047\006\314\006\047\006\106\006\314}{chapter.8}% 93
